// Jest Snapshot v1, https://goo.gl/fbAQLP

exports[`Component:Button renders without crashing 1`] = `
{
  "asFragment": [Function],
  "baseElement": <body>
    <div>
      <div>
        <button
          class="bg-red-600 py-4 px-16 flex self-start mt-10 rounded-md"
          data-testid="Test-Button"
        >
          <p
            class="font-AbrilFatface text-white hover:text-black w-full"
            data-testid="Test-Title"
          >
            test
          </p>
        </button>
      </div>
    </div>
  </body>,
  "container": <div>
    <div>
      <button
        class="bg-red-600 py-4 px-16 flex self-start mt-10 rounded-md"
        data-testid="Test-Button"
      >
        <p
          class="font-AbrilFatface text-white hover:text-black w-full"
          data-testid="Test-Title"
        >
          test
        </p>
      </button>
    </div>
  </div>,
  "debug": [Function],
  "findAllByAltText": [Function],
  "findAllByDisplayValue": [Function],
  "findAllByLabelText": [Function],
  "findAllByPlaceholderText": [Function],
  "findAllByRole": [Function],
  "findAllByTestId": [Function],
  "findAllByText": [Function],
  "findAllByTitle": [Function],
  "findByAltText": [Function],
  "findByDisplayValue": [Function],
  "findByLabelText": [Function],
  "findByPlaceholderText": [Function],
  "findByRole": [Function],
  "findByTestId": [Function],
  "findByText": [Function],
  "findByTitle": [Function],
  "getAllByAltText": [Function],
  "getAllByDisplayValue": [Function],
  "getAllByLabelText": [Function],
  "getAllByPlaceholderText": [Function],
  "getAllByRole": [Function],
  "getAllByTestId": [Function],
  "getAllByText": [Function],
  "getAllByTitle": [Function],
  "getByAltText": [Function],
  "getByDisplayValue": [Function],
  "getByLabelText": [Function],
  "getByPlaceholderText": [Function],
  "getByRole": [Function],
  "getByTestId": [Function],
  "getByText": [Function],
  "getByTitle": [Function],
  "queryAllByAltText": [Function],
  "queryAllByDisplayValue": [Function],
  "queryAllByLabelText": [Function],
  "queryAllByPlaceholderText": [Function],
  "queryAllByRole": [Function],
  "queryAllByTestId": [Function],
  "queryAllByText": [Function],
  "queryAllByTitle": [Function],
  "queryByAltText": [Function],
  "queryByDisplayValue": [Function],
  "queryByLabelText": [Function],
  "queryByPlaceholderText": [Function],
  "queryByRole": [Function],
  "queryByTestId": [Function],
  "queryByText": [Function],
  "queryByTitle": [Function],
  "rerender": [Function],
  "unmount": [Function],
}
`;
