// Jest Snapshot v1, https://goo.gl/fbAQLP

exports[`Component:Header renders without crashing 1`] = `
{
  "asFragment": [Function],
  "baseElement": <body>
    <div>
      <nav
        class="fixed w-full z-30 py-6 bg-black px-10 md:px-0"
      >
        <div
          class="container mx-auto flex flex-row justify-between items-center"
        >
          <div>
            <h4
              class="font-Rajdhani text-white text-2xl"
              data-testid="Test-Header"
            >
              SpaceX
            </h4>
          </div>
          <div
            class="flex flex-row justify-center items-center"
          />
        </div>
      </nav>
    </div>
  </body>,
  "container": <div>
    <nav
      class="fixed w-full z-30 py-6 bg-black px-10 md:px-0"
    >
      <div
        class="container mx-auto flex flex-row justify-between items-center"
      >
        <div>
          <h4
            class="font-Rajdhani text-white text-2xl"
            data-testid="Test-Header"
          >
            SpaceX
          </h4>
        </div>
        <div
          class="flex flex-row justify-center items-center"
        />
      </div>
    </nav>
  </div>,
  "debug": [Function],
  "findAllByAltText": [Function],
  "findAllByDisplayValue": [Function],
  "findAllByLabelText": [Function],
  "findAllByPlaceholderText": [Function],
  "findAllByRole": [Function],
  "findAllByTestId": [Function],
  "findAllByText": [Function],
  "findAllByTitle": [Function],
  "findByAltText": [Function],
  "findByDisplayValue": [Function],
  "findByLabelText": [Function],
  "findByPlaceholderText": [Function],
  "findByRole": [Function],
  "findByTestId": [Function],
  "findByText": [Function],
  "findByTitle": [Function],
  "getAllByAltText": [Function],
  "getAllByDisplayValue": [Function],
  "getAllByLabelText": [Function],
  "getAllByPlaceholderText": [Function],
  "getAllByRole": [Function],
  "getAllByTestId": [Function],
  "getAllByText": [Function],
  "getAllByTitle": [Function],
  "getByAltText": [Function],
  "getByDisplayValue": [Function],
  "getByLabelText": [Function],
  "getByPlaceholderText": [Function],
  "getByRole": [Function],
  "getByTestId": [Function],
  "getByText": [Function],
  "getByTitle": [Function],
  "queryAllByAltText": [Function],
  "queryAllByDisplayValue": [Function],
  "queryAllByLabelText": [Function],
  "queryAllByPlaceholderText": [Function],
  "queryAllByRole": [Function],
  "queryAllByTestId": [Function],
  "queryAllByText": [Function],
  "queryAllByTitle": [Function],
  "queryByAltText": [Function],
  "queryByDisplayValue": [Function],
  "queryByLabelText": [Function],
  "queryByPlaceholderText": [Function],
  "queryByRole": [Function],
  "queryByTestId": [Function],
  "queryByText": [Function],
  "queryByTitle": [Function],
  "rerender": [Function],
  "unmount": [Function],
}
`;
