// Jest Snapshot v1, https://goo.gl/fbAQLP

exports[`Component:RocketCard. renders without crashing 1`] = `
{
  "asFragment": [Function],
  "baseElement": <body>
    <div>
      <div
        class="flex flex-col md:flex-row justify-between my-10"
      >
        <div
          class="flex flex-row"
        >
          <h2
            class="font-AbrilFatface text-5xl text-white mr-6"
          >
            1
          </h2>
          <div
            class="flex flex-col"
          >
            <h2
              class="font-AbrilFatface text-5xl text-white mb-4"
            >
              Crew-5
            </h2>
            <h4
              class="font-Rajdhani text-white text-2xl"
            >
              ID : 
              62dd70d5202306255024d139
            </h4>
            <h4
              class="font-Rajdhani text-white text-2xl"
            >
              Payloads : 
              631616a7ffc78f3b8567071a
            </h4>
            <h4
              class="font-Rajdhani text-white text-2xl"
            >
              Date: 
              2017-01-14T17:54:00.000Z
            </h4>
            <h4
              class="font-Rajdhani text-white text-2xl"
            >
              Cores : 
              633d9da635a71d1d9c66797b
            </h4>
            <h4
              class="font-Rajdhani text-white text-2xl"
            >
              Status : 
              SUCCESS ðŸš€
            </h4>
          </div>
        </div>
        <img
          class="w-24 h-24"
          data-testid="Test-Image"
          src="https://images2.imgbox.com/eb/d8/D1Yywp0w_o.png"
        />
      </div>
    </div>
  </body>,
  "container": <div>
    <div
      class="flex flex-col md:flex-row justify-between my-10"
    >
      <div
        class="flex flex-row"
      >
        <h2
          class="font-AbrilFatface text-5xl text-white mr-6"
        >
          1
        </h2>
        <div
          class="flex flex-col"
        >
          <h2
            class="font-AbrilFatface text-5xl text-white mb-4"
          >
            Crew-5
          </h2>
          <h4
            class="font-Rajdhani text-white text-2xl"
          >
            ID : 
            62dd70d5202306255024d139
          </h4>
          <h4
            class="font-Rajdhani text-white text-2xl"
          >
            Payloads : 
            631616a7ffc78f3b8567071a
          </h4>
          <h4
            class="font-Rajdhani text-white text-2xl"
          >
            Date: 
            2017-01-14T17:54:00.000Z
          </h4>
          <h4
            class="font-Rajdhani text-white text-2xl"
          >
            Cores : 
            633d9da635a71d1d9c66797b
          </h4>
          <h4
            class="font-Rajdhani text-white text-2xl"
          >
            Status : 
            SUCCESS ðŸš€
          </h4>
        </div>
      </div>
      <img
        class="w-24 h-24"
        data-testid="Test-Image"
        src="https://images2.imgbox.com/eb/d8/D1Yywp0w_o.png"
      />
    </div>
  </div>,
  "debug": [Function],
  "findAllByAltText": [Function],
  "findAllByDisplayValue": [Function],
  "findAllByLabelText": [Function],
  "findAllByPlaceholderText": [Function],
  "findAllByRole": [Function],
  "findAllByTestId": [Function],
  "findAllByText": [Function],
  "findAllByTitle": [Function],
  "findByAltText": [Function],
  "findByDisplayValue": [Function],
  "findByLabelText": [Function],
  "findByPlaceholderText": [Function],
  "findByRole": [Function],
  "findByTestId": [Function],
  "findByText": [Function],
  "findByTitle": [Function],
  "getAllByAltText": [Function],
  "getAllByDisplayValue": [Function],
  "getAllByLabelText": [Function],
  "getAllByPlaceholderText": [Function],
  "getAllByRole": [Function],
  "getAllByTestId": [Function],
  "getAllByText": [Function],
  "getAllByTitle": [Function],
  "getByAltText": [Function],
  "getByDisplayValue": [Function],
  "getByLabelText": [Function],
  "getByPlaceholderText": [Function],
  "getByRole": [Function],
  "getByTestId": [Function],
  "getByText": [Function],
  "getByTitle": [Function],
  "queryAllByAltText": [Function],
  "queryAllByDisplayValue": [Function],
  "queryAllByLabelText": [Function],
  "queryAllByPlaceholderText": [Function],
  "queryAllByRole": [Function],
  "queryAllByTestId": [Function],
  "queryAllByText": [Function],
  "queryAllByTitle": [Function],
  "queryByAltText": [Function],
  "queryByDisplayValue": [Function],
  "queryByLabelText": [Function],
  "queryByPlaceholderText": [Function],
  "queryByRole": [Function],
  "queryByTestId": [Function],
  "queryByText": [Function],
  "queryByTitle": [Function],
  "rerender": [Function],
  "unmount": [Function],
}
`;
